// Jest Snapshot v1, https://jestjs.io/docs/snapshot-testing

exports[`pin view logs an error when used outside of AdvancedMarker 1`] = `
[
  "The <Pin> component can only be used inside <AdvancedMarker>.",
]
`;
